
  .   ____          _            __ _ _
 /\\ / ___'_ __ _ _(_)_ __  __ _ \ \ \ \
( ( )\___ | '_ | '_| | '_ \/ _` | \ \ \ \
 \\/  ___)| |_)| | | | | || (_| |  ) ) ) )
  '  |____| .__|_| |_|_| |_\__, | / / / /
 =========|_|==============|___/=/_/_/_/

 :: Spring Boot ::               (v3.5.14)

2026-07-30T10:23:47.094-05:00  INFO 21040 --- [MardiqueWeb] [           main] c.e.MardiqueWeb.MardiqueWebApplication   : Starting MardiqueWebApplication v0.0.1-SNAPSHOT using Java 21.0.12 with PID 21040 (C:\Users\Mardique\Downloads\MardiqueWeb\target\MardiqueWeb-0.0.1-SNAPSHOT.jar started by Mardique in C:\Users\Mardique\Downloads\MardiqueWeb)
2026-07-30T10:23:47.096-05:00  INFO 21040 --- [MardiqueWeb] [           main] c.e.MardiqueWeb.MardiqueWebApplication   : No active profile set, falling back to 1 default profile: "default"
2026-07-30T10:23:48.533-05:00  INFO 21040 --- [MardiqueWeb] [           main] .s.d.r.c.RepositoryConfigurationDelegate : Bootstrapping Spring Data JPA repositories in DEFAULT mode.
2026-07-30T10:23:48.643-05:00  INFO 21040 --- [MardiqueWeb] [           main] .s.d.r.c.RepositoryConfigurationDelegate : Finished Spring Data repository scanning in 98 ms. Found 12 JPA repository interfaces.
2026-07-30T10:23:49.566-05:00  INFO 21040 --- [MardiqueWeb] [           main] o.s.b.w.embedded.tomcat.TomcatWebServer  : Tomcat initialized with port 8080 (http)
2026-07-30T10:23:49.580-05:00  INFO 21040 --- [MardiqueWeb] [           main] o.apache.catalina.core.StandardService   : Starting service [Tomcat]
2026-07-30T10:23:49.580-05:00  INFO 21040 --- [MardiqueWeb] [           main] o.apache.catalina.core.StandardEngine    : Starting Servlet engine: [Apache Tomcat/10.1.54]
2026-07-30T10:23:49.611-05:00  INFO 21040 --- [MardiqueWeb] [           main] o.a.c.c.C.[Tomcat].[localhost].[/]       : Initializing Spring embedded WebApplicationContext
2026-07-30T10:23:49.611-05:00  INFO 21040 --- [MardiqueWeb] [           main] w.s.c.ServletWebServerApplicationContext : Root WebApplicationContext: initialization completed in 2434 ms
2026-07-30T10:23:49.898-05:00  INFO 21040 --- [MardiqueWeb] [           main] o.hibernate.jpa.internal.util.LogHelper  : HHH000204: Processing PersistenceUnitInfo [name: default]
2026-07-30T10:23:49.967-05:00  INFO 21040 --- [MardiqueWeb] [           main] org.hibernate.Version                    : HHH000412: Hibernate ORM core version 6.6.49.Final
2026-07-30T10:23:50.033-05:00  INFO 21040 --- [MardiqueWeb] [           main] o.h.c.internal.RegionFactoryInitiator    : HHH000026: Second-level cache disabled
2026-07-30T10:23:50.446-05:00  INFO 21040 --- [MardiqueWeb] [           main] o.s.o.j.p.SpringPersistenceUnitInfo      : No LoadTimeWeaver setup: ignoring JPA class transformer
2026-07-30T10:23:50.499-05:00  INFO 21040 --- [MardiqueWeb] [           main] com.zaxxer.hikari.HikariDataSource       : HikariPool-1 - Starting...
2026-07-30T10:23:52.897-05:00  INFO 21040 --- [MardiqueWeb] [           main] com.zaxxer.hikari.pool.HikariPool        : HikariPool-1 - Added connection org.postgresql.jdbc.PgConnection@5ddd84d2
2026-07-30T10:23:52.902-05:00  INFO 21040 --- [MardiqueWeb] [           main] com.zaxxer.hikari.HikariDataSource       : HikariPool-1 - Start completed.
2026-07-30T10:23:53.101-05:00  WARN 21040 --- [MardiqueWeb] [           main] org.hibernate.orm.deprecation            : HHH90000025: PostgreSQLDialect does not need to be specified explicitly using 'hibernate.dialect' (remove the property setting and it will be selected by default)
2026-07-30T10:23:53.489-05:00  INFO 21040 --- [MardiqueWeb] [           main] org.hibernate.orm.connections.pooling    : HHH10001005: Database info:
	Database JDBC URL [Connecting through datasource 'HikariDataSource (HikariPool-1)']
	Database driver: undefined/unknown
	Database version: 18.4
	Autocommit mode: undefined/unknown
	Isolation level: undefined/unknown
	Minimum pool size: undefined/unknown
	Maximum pool size: undefined/unknown
2026-07-30T10:23:56.698-05:00  INFO 21040 --- [MardiqueWeb] [           main] o.h.e.t.j.p.i.JtaPlatformInitiator       : HHH000489: No JTA platform available (set 'hibernate.transaction.jta.platform' to enable JTA platform integration)
2026-07-30T10:23:57.570-05:00  INFO 21040 --- [MardiqueWeb] [           main] j.LocalContainerEntityManagerFactoryBean : Initialized JPA EntityManagerFactory for persistence unit 'default'
2026-07-30T10:23:59.189-05:00  INFO 21040 --- [MardiqueWeb] [           main] o.s.d.j.r.query.QueryEnhancerFactory     : Hibernate is in classpath; If applicable, HQL parser will be used.
2026-07-30T10:23:59.564-05:00  WARN 21040 --- [MardiqueWeb] [           main] JpaBaseConfiguration$JpaWebConfiguration : spring.jpa.open-in-view is enabled by default. Therefore, database queries may be performed during view rendering. Explicitly configure spring.jpa.open-in-view to disable this warning
2026-07-30T10:24:00.315-05:00  INFO 21040 --- [MardiqueWeb] [           main] eAuthenticationProviderManagerConfigurer : Global AuthenticationManager configured with AuthenticationProvider bean with name loginAttemptAwareAuthenticationProvider
2026-07-30T10:24:00.318-05:00  WARN 21040 --- [MardiqueWeb] [           main] r$InitializeUserDetailsManagerConfigurer : Global AuthenticationManager configured with an AuthenticationProvider bean. UserDetailsService beans will not be used by Spring Security for automatically configuring username/password login. Consider removing the AuthenticationProvider bean. Alternatively, consider using the UserDetailsService in a manually instantiated DaoAuthenticationProvider. If the current configuration is intentional, to turn off this warning, increase the logging level of 'org.springframework.security.config.annotation.authentication.configuration.InitializeUserDetailsBeanManagerConfigurer' to ERROR
2026-07-30T10:24:01.639-05:00  INFO 21040 --- [MardiqueWeb] [           main] o.s.b.w.embedded.tomcat.TomcatWebServer  : Tomcat started on port 8080 (http) with context path '/'
2026-07-30T10:24:01.672-05:00  INFO 21040 --- [MardiqueWeb] [           main] c.e.MardiqueWeb.MardiqueWebApplication   : Started MardiqueWebApplication in 15.318 seconds (process running for 16.107)
2026-07-30T10:24:03.747-05:00  INFO 21040 --- [MardiqueWeb] [nio-8080-exec-1] o.a.c.c.C.[Tomcat].[localhost].[/]       : Initializing Spring DispatcherServlet 'dispatcherServlet'
2026-07-30T10:24:03.749-05:00  INFO 21040 --- [MardiqueWeb] [nio-8080-exec-1] o.s.web.servlet.DispatcherServlet        : Initializing Servlet 'dispatcherServlet'
2026-07-30T10:24:03.749-05:00  INFO 21040 --- [MardiqueWeb] [nio-8080-exec-1] o.s.web.servlet.DispatcherServlet        : Completed initialization in 0 ms
