[INFO] Scanning for projects...
[INFO] 
[INFO] ----------------------< com.example:MardiqueWeb >-----------------------
[INFO] Building  0.0.1-SNAPSHOT
[INFO]   from pom.xml
[INFO] --------------------------------[ jar ]---------------------------------
[INFO] 
[INFO] --- resources:3.3.1:resources (default-resources) @ MardiqueWeb ---
[INFO] Copying 1 resource from src\main\resources to target\classes
[INFO] Copying 93 resources from src\main\resources to target\classes
[INFO] 
[INFO] --- compiler:3.14.1:compile (default-compile) @ MardiqueWeb ---
[INFO] Recompiling the module because of changed source code.
[INFO] Compiling 65 source files with javac [debug parameters release 21] to target\classes
[WARNING] /C:/Users/Mardique/Downloads/MardiqueWeb/src/main/java/com/example/MardiqueWeb/Config/SecurityConfig.java:[54,51] org.springframework.security.web.util.matcher.AntPathRequestMatcher in org.springframework.security.web.util.matcher has been deprecated and marked for removal
[WARNING] /C:/Users/Mardique/Downloads/MardiqueWeb/src/main/java/com/example/MardiqueWeb/Config/SecurityConfig.java:[61,29] org.springframework.security.web.util.matcher.AntPathRequestMatcher in org.springframework.security.web.util.matcher has been deprecated and marked for removal
[WARNING] /C:/Users/Mardique/Downloads/MardiqueWeb/src/main/java/com/example/MardiqueWeb/Config/SecurityConfig.java:[62,29] org.springframework.security.web.util.matcher.AntPathRequestMatcher in org.springframework.security.web.util.matcher has been deprecated and marked for removal
[WARNING] /C:/Users/Mardique/Downloads/MardiqueWeb/src/main/java/com/example/MardiqueWeb/Config/SecurityConfig.java:[63,29] org.springframework.security.web.util.matcher.AntPathRequestMatcher in org.springframework.security.web.util.matcher has been deprecated and marked for removal
[WARNING] /C:/Users/Mardique/Downloads/MardiqueWeb/src/main/java/com/example/MardiqueWeb/Config/SecurityConfig.java:[64,29] org.springframework.security.web.util.matcher.AntPathRequestMatcher in org.springframework.security.web.util.matcher has been deprecated and marked for removal
[WARNING] /C:/Users/Mardique/Downloads/MardiqueWeb/src/main/java/com/example/MardiqueWeb/Config/SecurityConfig.java:[65,29] org.springframework.security.web.util.matcher.AntPathRequestMatcher in org.springframework.security.web.util.matcher has been deprecated and marked for removal
[INFO] /C:/Users/Mardique/Downloads/MardiqueWeb/src/main/java/com/example/MardiqueWeb/Config/LoginAttemptAwareAuthenticationProvider.java: C:\Users\Mardique\Downloads\MardiqueWeb\src\main\java\com\example\MardiqueWeb\Config\LoginAttemptAwareAuthenticationProvider.java uses or overrides a deprecated API.
[INFO] /C:/Users/Mardique/Downloads/MardiqueWeb/src/main/java/com/example/MardiqueWeb/Config/LoginAttemptAwareAuthenticationProvider.java: Recompile with -Xlint:deprecation for details.
[INFO] /C:/Users/Mardique/Downloads/MardiqueWeb/src/main/java/com/example/MardiqueWeb/Service/CloudinaryService.java: Some input files use unchecked or unsafe operations.
[INFO] /C:/Users/Mardique/Downloads/MardiqueWeb/src/main/java/com/example/MardiqueWeb/Service/CloudinaryService.java: Recompile with -Xlint:unchecked for details.
[INFO] ------------------------------------------------------------------------
[INFO] BUILD SUCCESS
[INFO] ------------------------------------------------------------------------
[INFO] Total time:  5.112 s
[INFO] Finished at: 2026-08-12T09:39:46-05:00
[INFO] ------------------------------------------------------------------------
